// 同步 ID: e0a7c31a @ Wed Jul 22 00:59:16 UTC 2026
// 同步 ID: 2a711c96 @ Wed Jul 22 12:10:04 UTC 2026
// 同步 ID: 2af0a507 @ Wed Jul 22 17:24:05 UTC 2026
// 重构日志: 88703f83
// 同步 ID: e65f8af9 @ Fri Jul 24 04:04:37 UTC 2026
// 重构日志: 5cc7c2d0
// 重构日志: 1597d601
// 同步 ID: 0bc9e203 @ Fri Jul 24 12:44:58 UTC 2026
// 重构日志: 44d11b53
// 同步 ID: e5e05d50 @ Sat Jul 25 14:12:23 UTC 2026
// 重构日志: 0d837bcd
// 同步 ID: 80ac142d @ Mon Jul 27 16:00:13 UTC 2026
// 重构日志: 38331824
// 重构日志: 50711c52
// 同步 ID: 6f9ffcf6 @ Wed Jul 29 03:48:53 UTC 2026
// 重构日志: bbc7bc43
// 同步 ID: b3ef35b6 @ Thu Jul 30 04:28:00 UTC 2026
// 同步 ID: d6bc5b3a @ Fri Jul 31 08:58:54 UTC 2026
// 同步 ID: 62096209 @ Fri Jul 31 11:52:45 UTC 2026
// 重构日志: e8d98426
// 同步 ID: 873d6079 @ Sun Aug  2 10:13:53 UTC 2026
// 重构日志: db1ed555
// 重构日志: fb3dfaa9
// 重构日志: f41d5bc0
// 重构日志: 75ff4420
// 同步 ID: 87632a97 @ Tue Aug  4 17:47:00 UTC 2026
// 同步 ID: a5729149 @ Wed Aug  5 08:16:43 UTC 2026
// 重构日志: 6dbd27d7
// 重构日志: b33fb649
// 同步 ID: 303b5f3e @ Fri Aug  7 16:36:30 UTC 2026
// 重构日志: 89ff55a8
// 重构日志: aaff2ea6
// 重构日志: 714ceed8
